mode: set
gitea-cicd.apps.aws2-dev.ocp.14west.io/cicd/trackmate-couchbase-analytics/pkg/validator/validate.go:12.59,16.27 4 1
gitea-cicd.apps.aws2-dev.ocp.14west.io/cicd/trackmate-couchbase-analytics/pkg/validator/validate.go:24.2,24.12 1 1
gitea-cicd.apps.aws2-dev.ocp.14west.io/cicd/trackmate-couchbase-analytics/pkg/validator/validate.go:16.27,17.15 1 1
gitea-cicd.apps.aws2-dev.ocp.14west.io/cicd/trackmate-couchbase-analytics/pkg/validator/validate.go:22.3,22.69 1 1
gitea-cicd.apps.aws2-dev.ocp.14west.io/cicd/trackmate-couchbase-analytics/pkg/validator/validate.go:17.15,20.4 2 1
gitea-cicd.apps.aws2-dev.ocp.14west.io/cicd/trackmate-couchbase-analytics/pkg/validator/validate.go:29.50,41.23 2 1
gitea-cicd.apps.aws2-dev.ocp.14west.io/cicd/trackmate-couchbase-analytics/pkg/validator/validate.go:46.2,46.12 1 1
gitea-cicd.apps.aws2-dev.ocp.14west.io/cicd/trackmate-couchbase-analytics/pkg/validator/validate.go:41.23,42.54 1 1
gitea-cicd.apps.aws2-dev.ocp.14west.io/cicd/trackmate-couchbase-analytics/pkg/validator/validate.go:42.54,44.4 1 1
gitea-cicd.apps.aws2-dev.ocp.14west.io/cicd/trackmate-couchbase-analytics/pkg/handlers/handlers.go:20.90,30.16 6 1
gitea-cicd.apps.aws2-dev.ocp.14west.io/cicd/trackmate-couchbase-analytics/pkg/handlers/handlers.go:38.2,39.16 2 1
gitea-cicd.apps.aws2-dev.ocp.14west.io/cicd/trackmate-couchbase-analytics/pkg/handlers/handlers.go:47.2,51.27 5 1
gitea-cicd.apps.aws2-dev.ocp.14west.io/cicd/trackmate-couchbase-analytics/pkg/handlers/handlers.go:30.16,36.3 5 1
gitea-cicd.apps.aws2-dev.ocp.14west.io/cicd/trackmate-couchbase-analytics/pkg/handlers/handlers.go:39.16,45.3 5 1
gitea-cicd.apps.aws2-dev.ocp.14west.io/cicd/trackmate-couchbase-analytics/pkg/handlers/handlers.go:54.54,56.2 1 1
gitea-cicd.apps.aws2-dev.ocp.14west.io/cicd/trackmate-couchbase-analytics/pkg/handlers/handlers.go:59.57,65.2 4 1
gitea-cicd.apps.aws2-dev.ocp.14west.io/cicd/trackmate-couchbase-analytics/pkg/handlers/handlers.go:67.88,71.17 3 1
gitea-cicd.apps.aws2-dev.ocp.14west.io/cicd/trackmate-couchbase-analytics/pkg/handlers/handlers.go:79.2,79.36 1 1
gitea-cicd.apps.aws2-dev.ocp.14west.io/cicd/trackmate-couchbase-analytics/pkg/handlers/handlers.go:83.2,83.18 1 1
gitea-cicd.apps.aws2-dev.ocp.14west.io/cicd/trackmate-couchbase-analytics/pkg/handlers/handlers.go:71.17,73.36 2 1
gitea-cicd.apps.aws2-dev.ocp.14west.io/cicd/trackmate-couchbase-analytics/pkg/handlers/handlers.go:73.36,77.4 3 1
gitea-cicd.apps.aws2-dev.ocp.14west.io/cicd/trackmate-couchbase-analytics/pkg/handlers/handlers.go:79.36,81.3 1 1
